{
  "status": "FAIL",
  "official_examples": 70,
  "literal_failures": 36,
  "manual_visual_or_formula_checks": 104
}
FAIL ('1.2', 'prompt_html', 'Стоимость проездного билета на месяц составляет 655 рублей, а стоимость билета на одну поездку — 25 рублей. Аня купила проездной и сделала за месяц 47 поездок. На сколько рублей больше она бы потратила, если бы покупала билеты на одну поездку?', 8)
FAIL ('2.1', 'left', 'А) время одного оборота Земли вокруг Солнца', 9)
FAIL ('2.1', 'left', 'Б) золотой норматив ГТО по бегу на 100 м для девушек 16–17 лет', 9)
FAIL ('3.1', 'prompt_html', 'На диаграмме показана среднемесячная температура воздуха в Симферополе за каждый месяц 1988 года. По горизонтали указываются месяцы, по вертикали — температура в градусах Цельсия. Определите по диаграмме наибольшую среднемесячную температуру в Симферополе в 1988 году. Ответ дайте в градусах Цельсия.', 10)
FAIL ('3.2', 'prompt_html', 'В нескольких эстафетах, которые проводились в школе, команды показали следующие результаты.', 10)
FAIL ('4.1', 'continuation_html', 'где U — напряжение (в вольтах), R — сопротивление (в омах), t — время (в секундах). Пользуясь этой формулой, найдите A (в джоулях), если t = 3 с, U = 10 В и R = 12 Ом.', 11)
FAIL ('4.2', 'continuation_html', 'где d₁ и d₂ — длины диагоналей четырёхугольника, α — угол между диагоналями. Пользуясь этой формулой, найдите длину диагонали d₁, если d₂ = 18, sin α = 1/3, а S = 27.', 11)
FAIL ('4.3', 'continuation_html', 'где t_C — температура в градусах по шкале Цельсия, t_F — температура в градусах по шкале Фаренгейта. Скольким градусам по шкале Фаренгейта соответствует 5 градусов по шкале Цельсия?', 12)
FAIL ('6.3', 'prompt_html', 'Строительная фирма планирует купить 70 м³ пеноблоков у одного из трёх поставщиков. Цены и условия доставки приведены в таблице.', 14)
FAIL ('6.3', 'table_header', 'Стоимость пеноблоков (руб. за 1 м³)', 14)
FAIL ('6.3', 'table_header', 'Стоимость доставки (руб.)', 14)
FAIL ('6.3', 'table_cell', 'При заказе товара на сумму свыше 150 000 рублей доставка бесплатная', 14)
FAIL ('6.3', 'table_cell', 'При заказе товара на сумму свыше 200 000 рублей доставка бесплатная', 14)
FAIL ('7.2', 'prompt_html', 'На графике изображена зависимость крутящего момента двигателя от числа оборотов в минуту. На горизонтальной оси отмечено число оборотов в минуту, на вертикальной оси — крутящий момент в Н·м.', 15)
FAIL ('7.2', 'right', '1) при увеличении числа оборотов крутящий момент не меняется', 15)
FAIL ('7.2', 'right', '2) при увеличении числа оборотов крутящий момент уменьшается', 15)
FAIL ('7.2', 'right', '4) при увеличении числа оборотов крутящий момент не превышает 20 Н·м', 15)
FAIL ('7.3', 'prompt_html', 'Установите соответствие между графиками функций и характеристиками этих функций на отрезке [−1; 1].', 16)
FAIL ('7.3', 'right', '1) на отрезке [−1; 1] функция убывает', 16)
FAIL ('7.3', 'right', '2) на отрезке [−1; 1] функция имеет точку максимума', 16)
FAIL ('7.3', 'right', '3) на отрезке [−1; 1] функция имеет точку минимума', 16)
FAIL ('7.3', 'right', '4) на отрезке [−1; 1] функция возрастает', 16)
FAIL ('9.2', 'prompt_html', 'План местности разбит на клетки. Каждая клетка обозначает квадрат 1 м × 1 м. Найдите площадь участка, изображённого на плане. Ответ дайте в квадратных метрах.', 18)
FAIL ('10.1', 'prompt_html', 'Дачный участок имеет форму прямоугольника, стороны которого равны 50 м и 30 м. Дом, расположенный на участке, на плане также имеет форму прямоугольника, стороны которого равны 8 м и 10 м. Найдите площадь оставшейся части участка, не занятой домом. Ответ дайте в квадратных метрах.', 19)
FAIL ('10.3', 'prompt_html', 'Участок земли имеет прямоугольную форму. Стороны прямоугольника равны 40 м и 50 м. Найдите длину забора (в метрах), которым нужно огородить участок, предусмотрев проезд шириной 3 м.', 19)
FAIL ('11.3', 'prompt_html', 'Деталь имеет форму изображённого на рисунке многогранника (все двугранные углы прямые). Числа на рисунке обозначают длины рёбер в сантиметрах. Найдите площадь поверхности этой детали. Ответ дайте в квадратных сантиметрах.', 20)
FAIL ('12.1', 'prompt_html', 'В треугольнике ABC известно, что AB = BC = 15, AC = 18. Найдите длину медианы BM.', 21)
FAIL ('12.2', 'prompt_html', 'На окружности радиусом 3 отмечена точка C. Отрезок AB — диаметр окружности, AC = 2√5. Найдите длину хорды BC.', 21)
FAIL ('12.3', 'prompt_html', 'Найдите площадь прямоугольного треугольника, если его гипотенуза равна 2√5, а один из катетов равен 2.', 21)
FAIL ('12.4', 'prompt_html', 'В равнобедренном треугольнике ABC медиана BK = 10, боковая сторона BC = 26. Найдите длину отрезка MN, если известно, что он соединяет середины боковых сторон.', 21)
FAIL ('15.3', 'prompt_html', 'Площадь земель фермерского хозяйства, отведённых под посадку сельскохозяйственных культур, составляет 36 гектаров и распределена между зерновыми и овощными культурами в отношении 2 : 7 соответственно. Сколько гектаров занимают овощные культуры?', 23)
FAIL ('17.3', 'continuation_html', 'Если уравнение имеет больше одного корня, в ответе укажите больший из них.', 24)
FAIL ('18.1', 'prompt_html', 'На координатной прямой отмечены точки A, B, C и D.', 25)
FAIL ('18.3', 'prompt_html', 'На координатной прямой отмечены точки A, B, C и D.', 26)
FAIL ('18.3', 'prompt_html', 'Число m равно √0,15.', 26)
FAIL ('21.2', 'prompt_html', 'Прямоугольник разбит на четыре меньших прямоугольника двумя прямолинейными разрезами. Периметры трёх из них, начиная с левого верхнего и далее по часовой стрелке, равны 24, 28 и 16. Найдите периметр четвёртого прямоугольника.', 28)
